c:\users\efrain\source\repos\x86_assembly_language\x86_assembly_programming_learning\calculatesum\calculatesum\debug\vc141.pdb
c:\users\efrain\source\repos\x86_assembly_language\x86_assembly_programming_learning\calculatesum\calculatesum\debug\vc141.idb
c:\users\efrain\source\repos\x86_assembly_language\x86_assembly_programming_learning\calculatesum\calculatesum\debug\calculatesum.obj
c:\users\efrai\source\repos\assembly_language\calculatesum\calculatesum\debug\vc141.pdb
c:\users\efrai\source\repos\assembly_language\calculatesum\calculatesum\debug\vc141.idb
c:\users\efrai\source\repos\assembly_language\calculatesum\calculatesum\debug\calculatesum.obj
c:\users\efrain\source\repos\x86_assembly_language\x86_assembly_programming_learning\calculatesum\debug\calculatesum.exe
c:\users\efrain\source\repos\x86_assembly_language\x86_assembly_programming_learning\calculatesum\debug\calculatesum.ilk
c:\users\efrain\source\repos\x86_assembly_language\x86_assembly_programming_learning\calculatesum\debug\calculatesum.pdb
c:\users\efrai\source\repos\assembly_language\calculatesum\debug\calculatesum.ilk
c:\users\efrai\source\repos\assembly_language\calculatesum\debug\calculatesum.exe
c:\users\efrai\source\repos\assembly_language\calculatesum\debug\calculatesum.pdb
c:\users\efrai\source\repos\assembly_language\calculatesum\calculatesum\debug\adder.obj
c:\users\efrai\source\repos\assembly_language\calculatesum\calculatesum\debug\calculatesum.tlog\cl.command.1.tlog
c:\users\efrai\source\repos\assembly_language\calculatesum\calculatesum\debug\calculatesum.tlog\cl.read.1.tlog
c:\users\efrai\source\repos\assembly_language\calculatesum\calculatesum\debug\calculatesum.tlog\cl.write.1.tlog
c:\users\efrai\source\repos\assembly_language\calculatesum\calculatesum\debug\calculatesum.tlog\link.command.1.tlog
c:\users\efrai\source\repos\assembly_language\calculatesum\calculatesum\debug\calculatesum.tlog\link.read.1.tlog
c:\users\efrai\source\repos\assembly_language\calculatesum\calculatesum\debug\calculatesum.tlog\link.write.1.tlog
c:\users\efrai\source\repos\assembly_language\calculatesum\calculatesum\debug\calculatesum.tlog\masm.read.1u.tlog
c:\users\efrai\source\repos\assembly_language\calculatesum\calculatesum\debug\calculatesum.tlog\masm.write.1u.tlog
